"C:\Documents and Settings\mcji2dj2\Desktop\temp\Release\Win32\injection.obj"
"C:\Documents and Settings\mcji2dj2\Desktop\temp\Release\Win32\main.obj"
"C:\Documents and Settings\mcji2dj2\Desktop\temp\Release\Win32\output.obj"
"C:\Documents and Settings\mcji2dj2\Desktop\temp\Release\Win32\properties.obj"
"C:\Documents and Settings\mcji2dj2\Desktop\temp\Release\Win32\schemes.obj"
"C:\Documents and Settings\mcji2dj2\Desktop\temp\Release\Win32\solve.obj"
"C:\Documents and Settings\mcji2dj2\Desktop\temp\Release\Win32\sources.obj"
"C:\Documents and Settings\mcji2dj2\Desktop\temp\Release\Win32\store.obj"
"C:\Documents and Settings\mcji2dj2\Desktop\temp\Release\Win32\zero.obj"
"C:\Documents and Settings\mcji2dj2\Desktop\temp\Release\Win32\blockdata.obj"
"C:\Documents and Settings\mcji2dj2\Desktop\temp\Release\Win32\boundary.obj"
"C:\Documents and Settings\mcji2dj2\Desktop\temp\Release\Win32\calcp.obj"
"C:\Documents and Settings\mcji2dj2\Desktop\temp\Release\Win32\calcq.obj"
"C:\Documents and Settings\mcji2dj2\Desktop\temp\Release\Win32\calcu.obj"
"C:\Documents and Settings\mcji2dj2\Desktop\temp\Release\Win32\calcv.obj"
"C:\Documents and Settings\mcji2dj2\Desktop\temp\Release\Win32\calcw.obj"
"C:\Documents and Settings\mcji2dj2\Desktop\temp\Release\Win32\convection.obj"
"C:\Documents and Settings\mcji2dj2\Desktop\temp\Release\Win32\diffusion.obj"
"C:\Documents and Settings\mcji2dj2\Desktop\temp\Release\Win32\distributions.obj"
"C:\Documents and Settings\mcji2dj2\Desktop\temp\Release\Win32\grid.obj"
"C:\Documents and Settings\mcji2dj2\Desktop\temp\Release\Win32\initialise.obj"
